[    0.000000] Initializing cgroup subsys cpuset
[    0.000000] Initializing cgroup subsys cpu
[    0.000000] Initializing cgroup subsys cpuacct
[    0.000000] Linux version 4.4.0-71-generic (buildd@lcy01-05) (gcc version 5.4.0 20160609 (Ubuntu 5.4.0-6ubuntu1~16.04.4) ) #92-Ubuntu SMP Fri Mar 24 12:59:01 UTC 2017 (Ubuntu 4.4.0-71.92-generic 4.4.49)
[    0.000000] Command line: BOOT_IMAGE=/boot/vmlinuz-4.4.0-71-generic root=LABEL=cloudimg-rootfs ro console=tty1 console=ttyS0
[    0.000000] KERNEL supported cpus:
[    0.000000]   Intel GenuineIntel
[    0.000000]   AMD AuthenticAMD
[    0.000000]   Centaur CentaurHauls
[    0.000000] x86/fpu: xstate_offset[2]:  576, xstate_sizes[2]:  256
[    0.000000] x86/fpu: Supporting XSAVE feature 0x01: 'x87 floating point registers'
[    0.000000] x86/fpu: Supporting XSAVE feature 0x02: 'SSE registers'
[    0.000000] x86/fpu: Supporting XSAVE feature 0x04: 'AVX registers'
[    0.000000] x86/fpu: Enabled xstate features 0x7, context size is 832 bytes, using 'standard' format.
[    0.000000] x86/fpu: Using 'lazy' FPU context switches.
[    0.000000] e820: BIOS-provided physical RAM map:
[    0.000000] BIOS-e820: [mem 0x0000000000000000-0x000000000009fbff] usable
[    0.000000] BIOS-e820: [mem 0x000000000009fc00-0x000000000009ffff] reserved
[    0.000000] BIOS-e820: [mem 0x00000000000f0000-0x00000000000fffff] reserved
[    0.000000] BIOS-e820: [mem 0x0000000000100000-0x000000003ffeffff] usable
[    0.000000] BIOS-e820: [mem 0x000000003fff0000-0x000000003fffffff] ACPI data
[    0.000000] BIOS-e820: [mem 0x00000000fec00000-0x00000000fec00fff] reserved
[    0.000000] BIOS-e820: [mem 0x00000000fee00000-0x00000000fee00fff] reserved
[    0.000000] BIOS-e820: [mem 0x00000000fffc0000-0x00000000ffffffff] reserved
[    0.000000] NX (Execute Disable) protection: active
[    0.000000] SMBIOS 2.5 present.
[    0.000000] Hypervisor detected: KVM
[    0.000000] e820: last_pfn = 0x3fff0 max_arch_pfn = 0x400000000
[    0.000000] MTRR: Disabled
[    0.000000] x86/PAT: MTRRs disabled, skipping PAT initialization too.
[    0.000000] x86/PAT: Configuration [0-7]: WB  WT  UC- UC  WB  WT  UC- UC  
[    0.000000] CPU MTRRs all blank - virtualized system.
[    0.000000] found SMP MP-table at [mem 0x0009fff0-0x0009ffff] mapped at [ffff88000009fff0]
[    0.000000] Scanning 1 areas for low memory corruption
[    0.000000] RAMDISK: [mem 0x36ae8000-0x3756bfff]
[    0.000000] ACPI: Early table checksum verification disabled
[    0.000000] ACPI: RSDP 0x00000000000E0000 000024 (v02 VBOX  )
[    0.000000] ACPI: XSDT 0x000000003FFF0030 00003C (v01 VBOX   VBOXXSDT 00000001 ASL  00000061)
[    0.000000] ACPI: FACP 0x000000003FFF00F0 0000F4 (v04 VBOX   VBOXFACP 00000001 ASL  00000061)
[    0.000000] ACPI: DSDT 0x000000003FFF0470 0021C8 (v02 VBOX   VBOXBIOS 00000002 INTL 20140214)
[    0.000000] ACPI: FACS 0x000000003FFF0200 000040
[    0.000000] ACPI: FACS 0x000000003FFF0200 000040
[    0.000000] ACPI: APIC 0x000000003FFF0240 00005C (v02 VBOX   VBOXAPIC 00000001 ASL  00000061)
[    0.000000] ACPI: SSDT 0x000000003FFF02A0 0001CC (v01 VBOX   VBOXCPUT 00000002 INTL 20140214)
[    0.000000] No NUMA configuration found
[    0.000000] Faking a node at [mem 0x0000000000000000-0x000000003ffeffff]
[    0.000000] NODE_DATA(0) allocated [mem 0x3ffeb000-0x3ffeffff]
[    0.000000] kvm-clock: Using msrs 4b564d01 and 4b564d00
[    0.000000] kvm-clock: cpu 0, msr 0:3ffe3001, primary cpu clock
[    0.000000] kvm-clock: using sched offset of 3722055309 cycles
[    0.000000] clocksource: kvm-clock: mask: 0xffffffffffffffff max_cycles: 0x1cd42e4dffb, max_idle_ns: 881590591483 ns
[    0.000000] Zone ranges:
[    0.000000]   DMA      [mem 0x0000000000001000-0x0000000000ffffff]
[    0.000000]   DMA32    [mem 0x0000000001000000-0x000000003ffeffff]
[    0.000000]   Normal   empty
[    0.000000]   Device   empty
[    0.000000] Movable zone start for each node
[    0.000000] Early memory node ranges
[    0.000000]   node   0: [mem 0x0000000000001000-0x000000000009efff]
[    0.000000]   node   0: [mem 0x0000000000100000-0x000000003ffeffff]
[    0.000000] Initmem setup node 0 [mem 0x0000000000001000-0x000000003ffeffff]
[    0.000000] ACPI: PM-Timer IO Port: 0x4008
[    0.000000] IOAPIC[0]: apic_id 2, version 32, address 0xfec00000, GSI 0-23
[    0.000000] ACPI: INT_SRC_OVR (bus 0 bus_irq 0 global_irq 2 dfl dfl)
[    0.000000] ACPI: INT_SRC_OVR (bus 0 bus_irq 9 global_irq 9 high level)
[    0.000000] Using ACPI (MADT) for SMP configuration information
[    0.000000] smpboot: Allowing 2 CPUs, 0 hotplug CPUs
[    0.000000] PM: Registered nosave memory: [mem 0x00000000-0x00000fff]
[    0.000000] PM: Registered nosave memory: [mem 0x0009f000-0x0009ffff]
[    0.000000] PM: Registered nosave memory: [mem 0x000a0000-0x000effff]
[    0.000000] PM: Registered nosave memory: [mem 0x000f0000-0x000fffff]
[    0.000000] e820: [mem 0x40000000-0xfebfffff] available for PCI devices
[    0.000000] Booting paravirtualized kernel on KVM
[    0.000000] clocksource: refined-jiffies: mask: 0xffffffff max_cycles: 0xffffffff, max_idle_ns: 7645519600211568 ns
[    0.000000] setup_percpu: NR_CPUS:512 nr_cpumask_bits:512 nr_cpu_ids:2 nr_node_ids:1
[    0.000000] PERCPU: Embedded 33 pages/cpu @ffff88003fc00000 s98264 r8192 d28712 u1048576
[    0.000000] PV qspinlock hash table entries: 256 (order: 0, 4096 bytes)
[    0.000000] Built 1 zonelists in Node order, mobility grouping on.  Total pages: 257913
[    0.000000] Policy zone: DMA32
[    0.000000] Kernel command line: BOOT_IMAGE=/boot/vmlinuz-4.4.0-71-generic root=LABEL=cloudimg-rootfs ro console=tty1 console=ttyS0
[    0.000000] PID hash table entries: 4096 (order: 3, 32768 bytes)
[    0.000000] Memory: 1001812K/1048120K available (8452K kernel code, 1293K rwdata, 3976K rodata, 1484K init, 1316K bss, 46308K reserved, 0K cma-reserved)
[    0.000000] SLUB: HWalign=64, Order=0-3, MinObjects=0, CPUs=2, Nodes=1
[    0.000000] Hierarchical RCU implementation.
[    0.000000] 	Build-time adjustment of leaf fanout to 64.
[    0.000000] 	RCU restricting CPUs from NR_CPUS=512 to nr_cpu_ids=2.
[    0.000000] RCU: Adjusting geometry for rcu_fanout_leaf=64, nr_cpu_ids=2
[    0.000000] NR_IRQS:33024 nr_irqs:440 16
[    0.000000] Console: colour VGA+ 80x25
[    0.000000] console [tty1] enabled
[    0.000000] console [ttyS0] enabled
[    0.000000] tsc: Detected 2096.082 MHz processor
[    0.000000] tsc: Marking TSC unstable due to TSCs unsynchronized
[    0.012000] Calibrating delay loop (skipped) preset value.. 4192.16 BogoMIPS (lpj=8384328)
[    0.016008] pid_max: default: 32768 minimum: 301
[    0.020015] ACPI: Core revision 20150930
[    0.028164] ACPI: 2 ACPI AML tables successfully acquired and loaded
[    0.037856] Security Framework initialized
[    0.040007] Yama: becoming mindful.
[    0.044034] AppArmor: AppArmor initialized
[    0.048163] Dentry cache hash table entries: 131072 (order: 8, 1048576 bytes)
[    0.052414] Inode-cache hash table entries: 65536 (order: 7, 524288 bytes)
[    0.057581] Mount-cache hash table entries: 2048 (order: 2, 16384 bytes)
[    0.060027] Mountpoint-cache hash table entries: 2048 (order: 2, 16384 bytes)
[    0.064342] Initializing cgroup subsys io
[    0.068016] Initializing cgroup subsys memory
[    0.072021] Initializing cgroup subsys devices
[    0.076010] Initializing cgroup subsys freezer
[    0.080011] Initializing cgroup subsys net_cls
[    0.084010] Initializing cgroup subsys perf_event
[    0.088010] Initializing cgroup subsys net_prio
[    0.092014] Initializing cgroup subsys hugetlb
[    0.096009] Initializing cgroup subsys pids
[    0.100204] CPU: Physical Processor ID: 0
[    0.104006] CPU: Processor Core ID: 0
[    0.108010] mce: CPU supports 0 MCE banks
[    0.112122] Last level iTLB entries: 4KB 512, 2MB 1024, 4MB 512
[    0.116007] Last level dTLB entries: 4KB 1024, 2MB 1024, 4MB 512, 1GB 0
[    0.125413] Freeing SMP alternatives memory: 32K (ffffffff820b8000 - ffffffff820c0000)
[    0.146831] ftrace: allocating 32111 entries in 126 pages
[    0.160180] smpboot: APIC(0) Converting physical 0 to logical package 0
[    0.164009] smpboot: Max logical packages: 1
[    0.168610] x2apic enabled
[    0.172009] Switched APIC routing to physical x2apic.
[    0.178323] ..TIMER: vector=0x30 apic1=0 pin1=2 apic2=-1 pin2=-1
[    0.184000] smpboot: CPU0: AMD A10-5745M APU with Radeon(tm) HD Graphics (family: 0x15, model: 0x13, stepping: 0x1)
[    0.192022] Performance Events: Broken PMU hardware detected, using software events only.
[    0.200009] Failed to access perfctr msr (MSR c0010007 is 0)
[    0.204069] KVM setup paravirtual spinlock
[    0.209322] x86: Booting SMP configuration:
[    0.212007] .... node  #0, CPUs:      #1
[    0.012000] kvm-clock: cpu 1, msr 0:3ffe3041, secondary cpu clock
[    0.012000] mce: CPU supports 0 MCE banks
[    0.226026] x86: Booted up 1 node, 2 CPUs
[    0.228005] smpboot: Total of 2 processors activated (8384.32 BogoMIPS)
[    0.232577] devtmpfs: initialized
[    0.240000] evm: security.selinux
[    0.240004] evm: security.SMACK64
[    0.244003] evm: security.SMACK64EXEC
[    0.248003] evm: security.SMACK64TRANSMUTE
[    0.252003] evm: security.SMACK64MMAP
[    0.256003] evm: security.ima
[    0.260004] evm: security.capability
[    0.264250] clocksource: jiffies: mask: 0xffffffff max_cycles: 0xffffffff, max_idle_ns: 7645041785100000 ns
[    0.268156] pinctrl core: initialized pinctrl subsystem
[    0.272221] RTC time:  4:20:23, date: 04/07/17
[    0.276454] NET: Registered protocol family 16
[    0.292030] cpuidle: using governor ladder
[    0.440036] cpuidle: using governor menu
[    0.444028] PCCT header not found.
[    0.448521] ACPI: bus type PCI registered
[    0.452006] acpiphp: ACPI Hot Plug PCI Controller Driver version: 0.5
[    0.456197] PCI: Using configuration type 1 for base access
[    0.460003] PCI: Using configuration type 1 for extended access
[    0.480275] ACPI: Added _OSI(Module Device)
[    0.484009] ACPI: Added _OSI(Processor Device)
[    0.488004] ACPI: Added _OSI(3.0 _SCP Extensions)
[    0.492004] ACPI: Added _OSI(Processor Aggregator Device)
[    0.500353] ACPI: Executed 1 blocks of module-level executable AML code
[    0.514895] ACPI: Interpreter enabled
[    0.516021] ACPI: (supports S0 S5)
[    0.520005] ACPI: Using IOAPIC for interrupt routing
[    0.524319] PCI: Using host bridge windows from ACPI; if necessary, use "pci=nocrs" and report a bug
[    0.534509] ACPI: PCI Root Bridge [PCI0] (domain 0000 [bus 00-ff])
[    0.536013] acpi PNP0A03:00: _OSC: OS supports [ExtendedConfig ASPM ClockPM Segments MSI]
[    0.540011] acpi PNP0A03:00: _OSC failed (AE_NOT_FOUND); disabling ASPM
[    0.544437] PCI host bridge to bus 0000:00
[    0.548007] pci_bus 0000:00: root bus resource [io  0x0000-0x0cf7 window]
[    0.552005] pci_bus 0000:00: root bus resource [io  0x0d00-0xffff window]
[    0.556005] pci_bus 0000:00: root bus resource [mem 0x000a0000-0x000bffff window]
[    0.560005] pci_bus 0000:00: root bus resource [mem 0x40000000-0xffdfffff window]
[    0.564005] pci_bus 0000:00: root bus resource [bus 00-ff]
[    0.570162] pci 0000:00:01.1: legacy IDE quirk: reg 0x10: [io  0x01f0-0x01f7]
[    0.572007] pci 0000:00:01.1: legacy IDE quirk: reg 0x14: [io  0x03f6]
[    0.576005] pci 0000:00:01.1: legacy IDE quirk: reg 0x18: [io  0x0170-0x0177]
[    0.580005] pci 0000:00:01.1: legacy IDE quirk: reg 0x1c: [io  0x0376]
[    0.641453] pci 0000:00:07.0: quirk: [io  0x4000-0x403f] claimed by PIIX4 ACPI
[    0.644025] pci 0000:00:07.0: quirk: [io  0x4100-0x410f] claimed by PIIX4 SMB
[    0.669036] ACPI: PCI Interrupt Link [LNKA] (IRQs 5 9 10 *11)
[    0.681006] ACPI: PCI Interrupt Link [LNKB] (IRQs 5 9 10 *11)
[    0.698103] ACPI: PCI Interrupt Link [LNKC] (IRQs 5 9 *10 11)
[    0.704868] ACPI: PCI Interrupt Link [LNKD] (IRQs 5 *9 10 11)
[    0.716909] ACPI: Enabled 2 GPEs in block 00 to 07
[    0.720417] vgaarb: setting as boot device: PCI:0000:00:02.0
[    0.724000] vgaarb: device added: PCI:0000:00:02.0,decodes=io+mem,owns=io+mem,locks=none
[    0.724007] vgaarb: loaded
[    0.726293] vgaarb: bridge control possible 0000:00:02.0
[    0.728548] SCSI subsystem initialized
[    0.732111] ACPI: bus type USB registered
[    0.736060] usbcore: registered new interface driver usbfs
[    0.740022] usbcore: registered new interface driver hub
[    0.744035] usbcore: registered new device driver usb
[    0.748150] PCI: Using ACPI for IRQ routing
[    0.752450] NetLabel: Initializing
[    0.756004] NetLabel:  domain hash size = 128
[    0.760003] NetLabel:  protocols = UNLABELED CIPSOv4
[    0.764033] NetLabel:  unlabeled traffic allowed by default
[    0.772108] amd_nb: Cannot enumerate AMD northbridges
[    0.776238] clocksource: Switched to clocksource kvm-clock
[    0.803797] AppArmor: AppArmor Filesystem Enabled
[    0.811249] pnp: PnP ACPI init
[    0.823564] pnp: PnP ACPI: found 3 devices
[    0.863750] clocksource: acpi_pm: mask: 0xffffff max_cycles: 0xffffff, max_idle_ns: 2085701024 ns
[    0.885685] NET: Registered protocol family 2
[    0.895181] TCP established hash table entries: 8192 (order: 4, 65536 bytes)
[    0.966010] TCP bind hash table entries: 8192 (order: 5, 131072 bytes)
[    0.992465] TCP: Hash tables configured (established 8192 bind 8192)
[    1.003965] UDP hash table entries: 512 (order: 2, 16384 bytes)
[    1.028131] UDP-Lite hash table entries: 512 (order: 2, 16384 bytes)
[    1.063655] NET: Registered protocol family 1
[    1.088922] pci 0000:00:00.0: Limiting direct PCI/PCI transfers
[    1.125049] pci 0000:00:01.0: Activating ISA DMA hang workarounds
[    1.162681] Unpacking initramfs...
[    4.257597] Freeing initrd memory: 10768K (ffff880036ae8000 - ffff88003756c000)
[    4.267534] clocksource: tsc: mask: 0xffffffffffffffff max_cycles: 0x1e36bb3fbbf, max_idle_ns: 440795228884 ns
[    4.268500] platform rtc_cmos: registered platform RTC device (no PNP device found)
[    4.268679] Scanning for low memory corruption every 60 seconds
[    4.269728] futex hash table entries: 512 (order: 3, 32768 bytes)
[    4.269798] audit: initializing netlink subsys (disabled)
[    4.269846] audit: type=2000 audit(1491538828.146:1): initialized
[    4.270753] Initialise system trusted keyring
[    4.271082] HugeTLB registered 2 MB page size, pre-allocated 0 pages
[    4.277242] zbud: loaded
[    4.277611] VFS: Disk quotas dquot_6.6.0
[    4.277709] VFS: Dquot-cache hash table entries: 512 (order 0, 4096 bytes)
[    4.278358] squashfs: version 4.0 (2009/01/31) Phillip Lougher
[    4.278989] fuse init (API version 7.23)
[    4.279304] Key type big_key registered
[    4.279326] Allocating IMA MOK and blacklist keyrings.
[    4.279941] Key type asymmetric registered
[    4.279953] Asymmetric key parser 'x509' registered
[    4.280038] Block layer SCSI generic (bsg) driver version 0.4 loaded (major 249)
[    4.280058] io scheduler noop registered
[    4.280058] io scheduler deadline registered (default)
[    4.280205] io scheduler cfq registered
[    4.280458] pci_hotplug: PCI Hot Plug PCI Core version: 0.5
[    4.280472] pciehp: PCI Express Hot Plug Controller Driver version: 0.4
[    4.280750] ACPI: AC Adapter [AC] (on-line)
[    4.280865] input: Power Button as /devices/LNXSYSTM:00/LNXPWRBN:00/input/input0
[    4.280870] ACPI: Power Button [PWRF]
[    4.281025] input: Sleep Button as /devices/LNXSYSTM:00/LNXSLPBN:00/input/input1
[    4.281028] ACPI: Sleep Button [SLPF]
[    4.281356] GHES: HEST is not enabled!
[    4.282745] ACPI: Battery Slot [BAT0] (battery present)
[    4.282815] Serial: 8250/16550 driver, 32 ports, IRQ sharing enabled
[    4.325544] 00:02: ttyS0 at I/O 0x3f8 (irq = 4, base_baud = 115200) is a 16550A
[    4.411252] Linux agpgart interface v0.103
[    4.502698] loop: module loaded
[    4.503890] scsi host0: ata_piix
[    4.504015] scsi host1: ata_piix
[    4.504084] ata1: PATA max UDMA/33 cmd 0x1f0 ctl 0x3f6 bmdma 0xd000 irq 14
[    4.504085] ata2: PATA max UDMA/33 cmd 0x170 ctl 0x376 bmdma 0xd008 irq 15
[    4.504224] libphy: Fixed MDIO Bus: probed
[    4.504224] tun: Universal TUN/TAP device driver, 1.6
[    4.504224] tun: (C) 1999-2004 Max Krasnyansky <maxk@qualcomm.com>
[    4.504844] PPP generic driver version 2.4.2
[    4.504960] ehci_hcd: USB 2.0 'Enhanced' Host Controller (EHCI) Driver
[    4.504972] ehci-pci: EHCI PCI platform driver
[    4.505015] ehci-platform: EHCI generic platform driver
[    4.505034] ohci_hcd: USB 1.1 'Open' Host Controller (OHCI) Driver
[    4.505039] ohci-pci: OHCI PCI platform driver
[    4.505057] ohci-platform: OHCI generic platform driver
[    4.505072] uhci_hcd: USB Universal Host Controller Interface driver
[    4.505191] i8042: PNP: PS/2 Controller [PNP0303:PS2K,PNP0f03:PS2M] at 0x60,0x64 irq 1,12
[    4.517675] serio: i8042 KBD port at 0x60,0x64 irq 1
[    4.517692] serio: i8042 AUX port at 0x60,0x64 irq 12
[    4.517998] mousedev: PS/2 mouse device common for all mice
[    4.518645] rtc_cmos rtc_cmos: rtc core: registered rtc_cmos as rtc0
[    4.518774] rtc_cmos rtc_cmos: alarms up to one day, 114 bytes nvram
[    4.518790] i2c /dev entries driver
[    4.518911] device-mapper: uevent: version 1.0.3
[    4.519017] device-mapper: ioctl: 4.34.0-ioctl (2015-10-28) initialised: dm-devel@redhat.com
[    4.519050] ledtrig-cpu: registered to indicate activity on CPUs
[    4.519626] NET: Registered protocol family 10
[    4.519938] NET: Registered protocol family 17
[    4.519955] Key type dns_resolver registered
[    4.520538] microcode: CPU0: patch_level=0x06000626
[    4.520551] microcode: CPU1: patch_level=0x06000626
[    4.520660] microcode: Microcode Update Driver: v2.01 <tigran@aivazian.fsnet.co.uk>, Peter Oruba
[    4.520910] registered taskstats version 1
[    4.520930] Loading compiled-in X.509 certificates
[    4.522362] Loaded X.509 cert 'Build time autogenerated kernel key: 812d956779f79f89ad448268b75be2bbdc5d2bc7'
[    4.522396] zswap: loaded using pool lzo/zbud
[    4.525372] Key type trusted registered
[    4.530343] Key type encrypted registered
[    4.530353] AppArmor: AppArmor sha1 policy hashing enabled
[    4.530357] ima: No TPM chip found, activating TPM-bypass!
[    4.530393] evm: HMAC attrs: 0x1
[    4.530804]   Magic number: 13:205:312
[    4.548426] rtc_cmos rtc_cmos: setting system clock to 2017-04-07 04:20:28 UTC (1491538828)
[    4.548655] BIOS EDD facility v0.16 2004-Jun-25, 0 devices found
[    4.548656] EDD information not available.
[    4.617401] input: AT Translated Set 2 keyboard as /devices/platform/i8042/serio0/input/input2
[    5.728064] Freeing unused kernel memory: 1484K (ffffffff81f45000 - ffffffff820b8000)
[    6.029883] Write protecting the kernel read-only data: 14336k
[    6.205086] Freeing unused kernel memory: 1776K (ffff880001844000 - ffff880001a00000)
[    6.459945] Freeing unused kernel memory: 120K (ffff880001de2000 - ffff880001e00000)
Loading, please wait...
starting version[    6.764622] random: systemd-udevd: uninitialized urandom read (16 bytes read, 5 bits of entropy available)
 229
[    6.766593] random: udevadm: uninitialized urandom read (16 bytes read, 5 bits of entropy available)
[    6.766693] random: udevadm: uninitialized urandom read (16 bytes read, 5 bits of entropy available)
[    6.767001] random: udevadm: uninitialized urandom read (16 bytes read, 5 bits of entropy available)
[    6.767114] random: udevadm: uninitialized urandom read (16 bytes read, 5 bits of entropy available)
[    6.767228] random: udevadm: uninitialized urandom read (16 bytes read, 5 bits of entropy available)
[    6.767347] random: udevadm: uninitialized urandom read (16 bytes read, 5 bits of entropy available)
[    6.767461] random: udevadm: uninitialized urandom read (16 bytes read, 5 bits of entropy available)
[    6.767566] random: udevadm: uninitialized urandom read (16 bytes read, 5 bits of entropy available)
[    6.767704] random: udevadm: uninitialized urandom read (16 bytes read, 5 bits of entropy available)
[    8.519855] e1000: Intel(R) PRO/1000 Network Driver - version 7.3.21-k8-NAPI
[    8.519895] Fusion MPT base driver 3.04.20
[    8.519897] Copyright (c) 1999-2008 LSI Corporation
[    8.631824] e1000: Copyright (c) 1999-2006 Intel Corporation.
[    8.717375] AVX version of gcm_enc/dec engaged.
[    8.744970] AES CTR mode by8 optimization enabled
[    8.830384] Fusion MPT SPI Host driver 3.04.20
[    8.896824] input: ImExPS/2 Generic Explorer Mouse as /devices/platform/i8042/serio1/input/input4
[    9.139568] e1000 0000:00:03.0 eth0: (PCI:33MHz:32-bit) 02:6f:83:38:c1:e5
[    9.178558] e1000 0000:00:03.0 eth0: Intel(R) PRO/1000 Network Connection
[    9.198128] e1000 0000:00:03.0 enp0s3: renamed from eth0
[    9.199663] mptbase: ioc0: Initiating bringup
[    9.280930] ioc0: LSI53C1030 A0: Capabilities={Initiator}
[    9.560302] scsi host2: ioc0: LSI53C1030 A0, FwRev=00000000h, Ports=1, MaxQ=256, IRQ=20
[    9.728827] scsi 2:0:0:0: Direct-Access     VBOX     HARDDISK         1.0  PQ: 0 ANSI: 5
[    9.940908] scsi target2:0:0: Beginning Domain Validation
[   10.115495] scsi target2:0:0: Domain Validation skipping write tests
[   10.306871] scsi target2:0:0: Ending Domain Validation
[   10.461230] scsi target2:0:0: asynchronous
[   10.585934] scsi 2:0:1:0: Direct-Access     VBOX     HARDDISK         1.0  PQ: 0 ANSI: 5
[   10.839499] scsi target2:0:1: Beginning Domain Validation
[   10.936969] scsi target2:0:1: Domain Validation skipping write tests
[   10.970371] scsi target2:0:1: Ending Domain Validation
[   11.005368] scsi target2:0:1: asynchronous
[   11.050751] sd 2:0:0:0: Attached scsi generic sg0 type 0
[   11.081637] sd 2:0:1:0: Attached scsi generic sg1 type 0
[   11.082757] sd 2:0:0:0: [sda] 20971520 512-byte logical blocks: (10.7 GB/10.0 GiB)
[   11.346355] sd 2:0:1:0: [sdb] 20480 512-byte logical blocks: (10.5 MB/10.0 MiB)
[   11.346541] sd 2:0:0:0: [sda] Write Protect is off
[   11.346720] sd 2:0:0:0: [sda] Incomplete mode parameter data
[   11.346722] sd 2:0:0:0: [sda] Assuming drive cache: write through
[   11.364394]  sda: sda1
[   11.366706] sd 2:0:0:0: [sda] Attached SCSI disk
[   11.853422] floppy0: no floppy controllers found
[   11.853526] work still pending
[   12.571747] sd 2:0:1:0: [sdb] Write Protect is off
[   12.583787] sd 2:0:1:0: [sdb] Incomplete mode parameter data
[   12.606642] sd 2:0:1:0: [sdb] Assuming drive cache: write through
[   12.637606] sd 2:0:1:0: [sdb] Attached SCSI disk
Begin: Loading e[   14.631448] md: linear personality registered for level -1
ssential drivers[   14.858568] md: multipath personality registered for level -4
 ... [   14.922016] md: raid0 personality registered for level 0
[   15.134796] md: raid1 personality registered for level 1
[   15.248301] raid6: sse2x1   gen()  3565 MB/s
[   15.420159] raid6: sse2x1   xor()  2276 MB/s
[   15.592053] raid6: sse2x2   gen()  5512 MB/s
[   15.852123] raid6: sse2x2   xor()  3778 MB/s
[   16.056046] raid6: sse2x4   gen()  6486 MB/s
[   16.248292] raid6: sse2x4   xor()  2875 MB/s
[   16.423848] raid6: using algorithm sse2x4 gen() 6486 MB/s
[   16.579919] raid6: .... xor() 2875 MB/s, rmw enabled
[   16.725916] raid6: using ssse3x2 recovery algorithm
[   16.892356] xor: automatically using best checksumming function:
[   17.004030]    avx       :  2303.000 MB/sec
[   17.066691] async_tx: api initialized (async)
[   17.114645] md: raid6 personality registered for level 6
[   17.146350] md: raid5 personality registered for level 5
[   17.158232] md: raid4 personality registered for level 4
[   17.209037] md: raid10 personality registered for level 10
done.
Begin: Running /scripts/init-premount ... done.
Begin: Mounti[   17.321306] Btrfs loaded
ng root file system ... Begin: Running /scripts/local-top ... done.
Begin: Running /scripts/local-premount ... Scanning for Btrfs filesystems
done.
Warning: fsck not present, so skipping ro[   17.553567] EXT4-fs (sda1): mounted filesystem with ordered data mode. Opts: (null)
ot file system
done.
Begin: Running /scripts/local-bottom ... done.
Begin: Running /scripts/init-bottom ... done.
[   18.388584] random: nonblocking pool is initialized
[   18.707795] systemd[1]: systemd 229 running in system mode. (+PAM +AUDIT +SELINUX +IMA +APPARMOR +SMACK +SYSVINIT +UTMP +LIBCRYPTSETUP +GCRYPT +GNUTLS +ACL +XZ -LZ4 +SECCOMP +BLKID +ELFUTILS +KMOD -IDN)
[   18.838583] systemd[1]: Detected virtualization oracle.
[   18.858203] systemd[1]: Detected architecture x86-64.

Welcome to [1mUbuntu 16.04.2 LTS[0m!

[   18.949341] systemd[1]: Set hostname to <ubuntu>.
[   19.043665] systemd[1]: Initializing machine ID from random generator.
[   19.092213] systemd[1]: Installed transient /etc/machine-id file.
[   20.224643] systemd[1]: Listening on Journal Socket (/dev/log).
[[0;32m  OK  [0m] Listening on Journal Socket (/dev/log).
[   20.490465] systemd[1]: Listening on udev Kernel Socket.
[[0;32m  OK  [0m] Listening on udev Kernel Socket.
[   20.513274] systemd[1]: Created slice System Slice.
[[0;32m  OK  [0m] Created slice System Slice.
[   20.545076] systemd[1]: Listening on /dev/initctl Compatibility Named Pipe.
[[0;32m  OK  [0m] Listening on /dev/initctl Compatibility Named Pipe.
[   20.619594] systemd[1]: Created slice system-serial\x2dgetty.slice.
[[0;32m  OK  [0m] Created slice system-serial\x2dgetty.slice.
[   20.762147] systemd[1]: Listening on udev Control Socket.
[[0;32m  OK  [0m] Listening on udev Control Socket.
[   21.044793] systemd[1]: Started Forward Password Requests to Wall Directory Watch.
[[0;32m  OK  [0m] Started Forward Password Requests to Wall Directory Watch.
[   21.440849] systemd[1]: Reached target Swap.
[[0;32m  OK  [0m] Reached target Swap.
[   21.692983] systemd[1]: Set up automount Arbitrary Executable File Formats File System Automount Point.
[[0;32m  OK  [0m] Set up automount Arbitrary Executab...ats File System Automount Point.
[   22.278065] systemd[1]: Listening on Journal Socket.
[[0;32m  OK  [0m] Listening on Journal Socket.
[   22.384431] systemd[1]: Starting Nameserver information manager...
         Starting Nameserver information manager...
[   22.492451] systemd[1]: Starting Set console keymap...
         Starting Set console keymap...
[   22.527857] systemd[1]: Mounting Huge Pages File System...
         Mounting Huge Pages File System...
[   22.680398] systemd[1]: Reached target Encrypted Volumes.
[[0;32m  OK  [0m] Reached target Encrypted Volumes.
[   22.800719] systemd[1]: Listening on LVM2 metadata daemon socket.
[[0;32m  OK  [0m] Listening on LVM2 metadata daemon socket.
[   23.041817] systemd[1]: Created slice User and Session Slice.
[[0;32m  OK  [0m] Created slice User and Session Slice.
[   23.276461] systemd[1]: Reached target Slices.
[[0;32m  OK  [0m] Reached target Slices.
[   23.508966] systemd[1]: Starting Load Kernel Modules...
         Starting Load Kernel Modules...
[   23.664711] systemd[1]: Listening on Journal Audit Socket.
[[0;32m  OK  [0[   23.742220] Loading iSCSI transport class v2.0-870.
m] Listening on Journal Audit Socket.
[   23.980547] iscsi: registered transport (tcp)
[   24.061034] systemd[1]: Starting Remount Root and Kernel File Systems...
         Startin[   24.137446] EXT4-fs (sda1): re-mounted. Opts: (null)
g Remount Root and Kernel File Systems...
[   24.240653] systemd[1]: Listening on LVM2 poll daemon socket.
[[0;32m  OK  [[   24.293953] iscsi: registered transport (iser)
0m] Listening on LVM2 poll daemon socket.
[   24.388213] systemd[1]: Mounting POSIX Message Queue File System...
         Mounting POSIX Message Queue File System...
[   24.484448] systemd[1]: Mounting Debug File System...
         Mounting Debug File System...
[   24.552270] systemd[1]: Reached target User and Group Name Lookups.
[[0;32m  OK  [0m] Reached target User and Group Name Lookups.
[   24.752773] systemd[1]: Listening on Device-mapper event daemon FIFOs.
[[0;32m  OK  [0m] Listening on Device-mapper event daemon FIFOs.
[   24.972925] systemd[1]: Starting Monitoring of LVM2 mirrors, snapshots etc. using dmeventd or progress polling...
         Starting Monitoring of LVM2 mirrors... dmeventd or progress polling...
[   25.154297] systemd[1]: Listening on Syslog Socket.
[[0;32m  OK  [0m] Listening on Syslog Socket.
[   25.344668] systemd[1]: Starting Journal Service...
         Starting Journal Service...
[   25.488594] systemd[1]: Starting Uncomplicated firewall...
         Starting Uncomplicated firewall...
[   25.544665] systemd[1]: Starting Create list of required static device nodes for the current kernel...
         Starting Create list of required st... nodes for the current kernel...
[   25.767267] systemd[1]: Mounted Debug File System.
[[0;32m  OK  [0m] Mounted Debug File System.
[   25.844395] systemd[1]: Mounted Huge Pages File System.
[[0;32m  OK  [0m] Mounted Huge Pages File System.
[   25.968492] systemd[1]: Mounted POSIX Message Queue File System.
[[0;32m  OK  [0m] Mounted POSIX Message Queue File System.
[   26.112978] systemd[1]: Started Journal Service.
[[0;32m  OK  [0m] Started Journal Service.
[[0;32m  OK  [0m] Started Set console keymap.
[[0;32m  OK  [0m] Started Load Kernel Modules.
[[0;32m  OK  [0m] Started Remount Root and Kernel File Systems.
[[0;32m  OK  [0m] Started Uncomplicated firewall.
[[0;32m  OK  [0m] Started Create list of required sta...ce nodes for the current kernel.
[[0;32m  OK  [0m] Started Nameserver information manager.
[[0;32m  OK  [0m] Started LVM2 metadata daemon.
         Starting Create Static Device Nodes in /dev...
         Starting Initial cloud-init job (pre-networking)...
         Starting udev Coldplug all Devices...
         Starting Load/Save Random Seed...
         Mounting FUSE Control File System...
         Starting Apply Kernel Variables...
         Starting Flush Journal to Persistent Storage...
[[0;32m  OK  [0m] Mounted FUSE Control File System.
[[0;32m  OK  [0m] Started Monitoring of LVM2 mirrors,...ng dmeventd or progress polling.
[[0;32m  OK  [0m] Started Create Static Device Nodes in /dev.
[[0;32m  OK  [0m] Started Load/Save Random Seed.
[[0;32m  OK  [0m] Started Apply Kernel Variables.
[[0;32m  OK  [0m] Started udev Coldplug all Devices.
         Starting udev Kernel Device Manager...
[[0;32m  OK  [0m] Started Flush Journal to Persistent Storage.
[[0;32m  OK  [0m] Started udev Kernel Device Manager.
[[0;32m  OK  [0m] Started Dispatch Password Requests to Console Directory Watch.
[[0;32m  OK  [0m] Reached target Local File Systems (Pre).
[[0;32m  OK  [0m] Reached target Local File Systems.
         Starting Set console font and keymap...
         Starting Tell Plymouth To Write Out Runtime Data...
         Starting LSB: AppArmor initialization...
         Starting Commit a transient machine-id on disk...
         Starting Create Volatile Files and Directories...
[[0;32m  OK  [0m] Started Tell Plymouth To Write Out Runtime Data.
[[0;32m  OK  [0m] Started Commit a transient machine-id on disk.
[[0;32m  OK  [0m] Started Create Volatile Files and Directories.
[[0;32m  OK  [0m] Found device /dev/ttyS0.
         Starting Update UTMP about System Boot/Shutdown...
[[0;32m  OK  [0m] Reached target System Time Synchronized.
[[0;32m  OK  [0m] Started Update UTMP about System Boot/Shutdown.
[[0;32m  OK  [0m] Listening on Load/Save RF Kill Switch Status /dev/rfkill Watch.
[[0;32m  OK  [0m] Started LSB: AppArmor initialization.
[[0;32m  OK  [0m] Started Set console font and keymap.
[[0;32m  OK  [0m] Created slice system-getty.slice.
[   34.209099] cloud-init[449]: Cloud-init v. 0.7.9 running 'init-local' at Fri, 07 Apr 2017 04:20:57 +0000. Up 33.50 seconds.
[[0;32m  OK  [0m] Started Initial cloud-init job (pre-networking).
[[0;32m  OK  [0m] Reached target Network (Pre).
         Starting Raise network interfaces...
[[0;32m  OK  [0m] Started Raise network interfaces.
         Starting Initial cloud-init job (metadata service crawler)...
[[0;32m  OK  [0m] Reached target Network.
[   37.873078] cloud-init[944]: Cloud-init v. 0.7.9 running 'init' at Fri, 07 Apr 2017 04:20:59 +0000. Up 35.67 seconds.
[   37.969229] cloud-init[944]: ci-info: +++++++++++++++++++++++++++++++++++++Net device info++++++++++++++++++++++++++++++++++++++
[[0;32m  OK  [0m] Started Initial cloud-init job (metadata service crawler).
[   38.074211] cloud-init[944]: ci-info: +--------+------+----------------------------+---------------+-------+-------------------+
[   38.172744] cloud-init[944]: ci-info: | Device |  Up  |          Address           |      Mask     | Scope |     Hw-Address    |
[   38.173298] cloud-init[944]: ci-info: +--------+------+----------------------------+---------------+-------+-------------------+
[[0;32m  OK  [0m] Reached target System Initialization.
[[   38.173603] cloud-init[944]: ci-info: | enp0s3 | True |         10.0.2.15          | 255.255.255.0 |   .   | 02:6f:83:38:c1:e5 |
[0;32m  OK  [0m] Listening on D-Bus System Message Bus Socket.
[[   38.401643] [0;32m  OK  [0mcloud-init] [944]: Started Daily Cleanup of Temporary Directories.ci-info: | enp0s3 | True | fe80::6f:83ff:fe38:c1e5/64 |       .       |  link | 02:6f:83:38:c1:e5 |

[   38.700807] cloud-init[944]: ci-info: |   lo   | True |         127.0.0.1          |   255.0.0.0   |   .   |         .         |
[   38.701379] cloud-init[944]: ci-info: |   lo   | True |          ::1/128           |       .       |  host |         .         |
         Starting LXD - unix socket.
[   38.701592] cloud-init[944]: ci-info: +--------+------+----------------------------+---------------+-------+-------------------+
[   38.956609] cloud-init[944]: ci-info: +++++++++++++++++++++++++++Route IPv4 info++++++++++++++++++++++++++++
[   38.957094] cloud-init[944]: ci-info: +-------+-------------+----------+---------------+-----------+-------+
[[0;32m  OK  [0m] Started ACPI Events Check.
[   38.957313] cloud-init[944]: ci-info: | Route | Destination | Gateway  |    Genmask    | Interface | Flags |
[   39.291855] [[0;32m  OK  [0m] Started Daily apt activities.cloud-init
[944]: ci-info: +-------+-------------+----------+---------------+-----------+-------+
[   39.409097] cloud-init[944]: ci-info: |   0   |   0.0.0.0   | 10.0.2.2 |    0.0.0.0    |   enp0s3  |   UG  |
[   39.409939] cloud-init[944]: ci-info: |   1   |   10.0.2.0  | 0.0.0.0  | 255.255.255.0 |   enp0s3  |   U   |
[[0;32m  OK  [0m] Listening on UUID daemon activation socket.
         Starting Socket activation for snappy daemon.
[   39.410286] cloud-init[944]: ci-info: +-------+-------------+----------+---------------+-----------+-------+
[   39.788883] cloud-init[944]: Generating public/private rsa key pair.
[   39.789635] cloud-init[944]: Your identification has been saved in /etc/ssh/ssh_host_rsa_key.
[[0;32m  OK  [0m] Started Timer to automatically refresh installed snaps.
[[   39.789892] cloud-init[944]: Your public key has been saved in /etc/ssh/ssh_host_rsa_key.pub.
[0;32m  OK  [0m] Reached target Timers.
[[   39.981498] cloud-init[944]: The key fingerprint is:
[0;32m  OK  [0m] Listening on ACPID Listen Socket.
[[0;32m  OK  [0m] Started Trigger resolvconf update for networkd DNS.
[[0;32m  OK  [0m] Reached target Paths.
[   40.109452] cloud-init[944]: SHA256:WjI6EWpGeAcQE+qU7KAvYtBS7Ud2yTGCN/unEVFTUjc root@ubuntu-xenial
[   40.368939] [cloud-init[0;32m  OK  [0m[944]: ] The key's randomart image is:Reached target Cloud-config availability.

[[0;32m  OK  [0m] Reached target Network is Online.
[   40.369732] cloud-init[944]: +---[RSA 2048]----+
[   40.569008]          cloud-initStarting iSCSI initiator daemon (iscsid)...[944]: 
|=+.  .. o.+oo E  |
[   40.645286] [[0;32m  OK  [0m] Listening on LXD - unix socket.
[[0;32m  OK  [0m] Listening on Socket activation for snappy daemon.
cloud-init[944]: |oo.o. oo.+ o . . |
[   40.672712] cloud-init[944]: |+++ +.oo+.       |
[   40.713211] cloud-init[944]: |*= + +...        |
[   40.713740] cloud-init[944]: |+o= o +.S.       |
[[0;32m  OK  [0m] Reached target Sockets.
[   40.714307] cloud-init[[0;32m  OK  [0m] Reached target Basic System.
[944]: |.=   + =o .      |
[   40.896648] cloud-init[944]: |o.. o .  +       |
         Starting System Logging Service...
[   40.897761] cloud-init[944]: |o.   .  .        |
[   41.012723] cloud-init[944]: |                 |
         Starting LSB: Record successful boot for GRUB...
[   41.014143] cloud-init[944]: +----[SHA256]-----+
[   41.112726] cloud-init[944]: Generating public/private dsa key pair.
[   41.113231] cloud-init[944]: Your identification has been saved in /etc/ssh/ssh_host_dsa_key.
         Starting Pollinate to seed the pseudo random number generator...
[   41.113413] cloud-init[944]: Your public key has been saved in /etc/ssh/ssh_host_dsa_key.pub.
[   41.276855] cloud-init[944]: The key fingerprint is:
[[0;32m  OK  [0m] Started FUSE filesystem for LXC.
[   41.277428] cloud-init[944]: SHA256:6eBiDVdA37s+r4I0wLZX/vCDmZX2+BcpFt1sWoqPWAA root@ubuntu-xenial
         Starting Apply the settings specified in cloud-config...
[   41.455017] cloud-init[944]: The key's randomart image is:
[   41.528484] cloud-init[944]: +---[DSA 1024]----+
[[0;32m  OK  [0m] Started Deferred execution scheduler.
[   41.574497] cloud-init[944]: |     .o          |
         Starting Accounts Service...
[   41.683004] cloud-init[944]: |       oE.       |
[   41.728852] cloud-init[944]: |   .    o..  . o |
         Starting Login Service...
[   41.729696] cloud-init[944]: |    +  ...... . =|
[   41.756455] cloud-init[944]: |   ..oooS .o o * |
[   41.759711] cloud-init[944]: |    .=+oo +.= =  |
[   41.762824] cloud-init[[0;32m  OK  [0m] Started D-Bus System Message Bus.
[944]: |    oooo.X.* + . |
[   41.774851] cloud-init[944]: |   . .. =.B o o  |
[   41.778785] cloud-init[944]: |         .o*o.   |
[   41.782398] cloud-init[944]: +----[SHA256]-----+
[   41.786777] cloud-init[944]: Generating public/private ecdsa key pair.
[   41.793184] cloud-init[944]: Your identification has been saved in /etc/ssh/ssh_host_ecdsa_key.
[   41.798876] cloud-init[944]: Your public key has been saved in /etc/ssh/ssh_host_ecdsa_key.pub.
[   41.804712] cloud-init[944]: The key fingerprint is:
[   41.828984] cloud-init[944]: SHA256:3isjzCnvDUpZkRj93KpK/j8ovlkHdFCzSM3D8IP3/gw root@ubuntu-xenial
[   41.850379] cloud-init[944]: The key's randomart image is:
[   41.880657] cloud-init[944]: +---[ECDSA 256]---+
[   41.932936] cloud-init[944]: |    ..+*o        |
[   41.984826] cloud-init[944]: |     +.*=o       |
[   42.040880] cloud-init[944]: |    . *o*o       |
[   42.108686] cloud-init[944]: |     . +oo.      |
[   42.164562] cloud-init[944]: |      o S..      |
[   42.216818] cloud-init[944]: |     o o.o       |
[   42.272874] cloud-init[944]: |    +oo+o E      |
[   42.283381] cloud-init[944]: |   +o+B++  =     |
[   42.287053] cloud-init[944]: |   .BO+oo+. o    |
[   42.300108] cloud-init[944]: +----[SHA256]-----+
[   42.303855] cloud-init[944]: Generating public/private ed25519 key pair.
[   42.308842] cloud-init[944]: Your identification has been saved in /etc/ssh/ssh_host_ed25519_key.         Starting /etc/rc.local Compatibility...

[   42.322582] cloud-init[944]: Your public key has been saved in /etc/ssh/ssh_host_ed25519_key.pub.
[   42.327859] cloud-init[944]: The key fingerprint is:
[   42.331809] cloud-init[944]: SHA256:b/itp3WPPIq6J+VUFnvxkUqSBvGSuwYX2usWXoAkqJ4 root@ubuntu-xenial
[   42.337362] cloud-init[944]: The key's randomart image is:
[   42.341539] cloud-init[944]: +--[ED25519 256]--+
[   42.345957] cloud-init[944]: |    .    oo .   .|
[   42.351192] cloud-init[944]: |   . . .  o+...o |
[   42.357842] cloud-init[944]: |  .   o .+..oo.o.|
[   42.368628] cloud-init[944]: | .     .o.+ +.. .|
[   42.408998] cloud-init[944]: |. .    oS+.o .   |
[   42.430545] cloud-init[944]: | E      o+=.     |
[   42.434314] cloud-init[944]: |        oB= . .  |
[   42.447373] cloud-init[944]: |        +=o+.o.o |
[[0;32m  OK  [0m] Started ACPI event daemon.
[   42.455553] cloud-init[944]: |        +*=+o.o..|
[   42.540687] [[0;32m  OK  [0m] Started Regular background program processing daemon.
         Starting LSB: MD monitoring daemon...
cloud-init[944]: +----[SHA256]-----+
[[0;32m  OK  [0m] Started Snappy daemon.
         Starting Auto import assertions from block devices...
         Starting LXD - container startup/shutdown...
[[0;32m  OK  [0m] Started System Logging Service.
[[0;32m  OK  [0m] Started iSCSI initiator daemon (iscsid).
[[0;32m  OK  [0m] Started /etc/rc.local Compatibility.
[[0;32m  OK  [0m] Started Auto import assertions from block devices.
[[0;32m  OK  [0m] Started Login Service.
         Starting Authenticate and Authorize Users to Run Privileged Tasks...
         Starting Login to default iSCSI targets...
[[0;32m  OK  [0m] Started LSB: Record successful boot for GRUB.
[   43.372655] cloud-init[1075]: Generating locales (this might take a while)...
[[0;32m  OK  [0m] Started LSB: MD monitoring daemon.
[[0;32m  OK  [0m] Started Authenticate and Authorize Users to Run Privileged Tasks.
[[0;32m  OK  [0m] Started Accounts Service.
[[0;32m  OK  [0m] Started Login to default iSCSI targets.
[[0;32m  OK  [0m] Reached target Remote File Systems (Pre).
[[0;32m  OK  [0m] Reached target Remote File Systems.
         Starting Permit User Sessions...
         Starting LSB: VirtualBox Linux Additions...
         Starting LSB: Set the CPU Frequency Scaling governor to "ondemand"...
         Starting LSB: daemon to balance interrupts for SMP systems...
         Starting LSB: automatic crash report generation...
[[0;32m  OK  [0m] Started Permit User Sessions.
[[0;32m  OK  [0m] Started Pollinate to seed the pseudo random number generator.
[[0;32m  OK  [0m] Started LSB: Set the CPU Frequency Scaling governor to "ondemand".
         Starting OpenBSD Secure Shell server...
         Starting Terminate Plymouth Boot Screen...
         Starting Hold until boot process finishes up...
[[0;32m  OK  [0m] Started Terminate Plymouth Boot Screen.
[[0;32m  OK  [0m] Started Hold until boot process finishes up.
[[0;32m  OK  [0m] Started Serial Getty on ttyS0.
[[0;32m  OK  [0m] Started Getty on tty1.
[[0;32m  OK  [0m] Reached target Login Prompts.
         Starting Set console scheme...
[[0;32m  OK  [0m] Started OpenBSD Secure Shell server.
[[0;32m  OK  [0m] Started LSB: daemon to balance interrupts for SMP systems.
[[0;32m  OK  [0m] Started LSB: automatic crash report generation.
[[0;32m  OK  [0m] Started Set console scheme.
[[0;32m  OK  [0m] Started LSB: VirtualBox Linux Additions.
[[0;32m  OK  [0m] Started LXD - container startup/shutdown.
[[0;32m  OK  [0m] Reached target Multi-User System.
[[0;32m  OK  [0m] Reached target Graphical Interface.
         Starting Update UTMP about System Runlevel Changes...
[[0;32m  OK  [0m] Started Update UTMP about System Runlevel Changes.
[   46.587098] cloud-init[1075]:   en_US.UTF-8... done
[   46.641817] cloud-init[1075]: Generation complete.
         Stopping OpenBSD Secure Shell server...
[[0;32m  OK  [0m] Stopped OpenBSD Secure Shell server.
         Starting OpenBSD Secure Shell server...
[[0;32m  OK  [0m] Started OpenBSD Secure Shell server.
[[0;32m  OK  [0m] Created slice User Slice of ubuntu.
         Starting User Manager for UID 1000...
[[0;32m  OK  [0m] Started Session 1 of user ubuntu.
[[0;32m  OK  [0m] Started User Manager for UID 1000.
[   48.454368] cloud-init[1075]: Cloud-init v. 0.7.9 running 'modules:config' at Fri, 07 Apr 2017 04:21:06 +0000. Up 42.14 seconds.
[[0;32m  OK  [0m] Started Apply the settings specified in cloud-config.
         Starting Execute cloud user/final scripts...
ci-info: no authorized ssh keys fingerprints found for user ubuntu.
<14>Apr  7 04:21:13 ec2: 
<14>Apr  7 04:21:13 ec2: #############################################################
<14>Apr  7 04:21:13 ec2: -----BEGIN SSH HOST KEY FINGERPRINTS-----
<14>Apr  7 04:21:13 ec2: 1024 SHA256:6eBiDVdA37s+r4I0wLZX/vCDmZX2+BcpFt1sWoqPWAA root@ubuntu-xenial (DSA)
<14>Apr  7 04:21:13 ec2: 256 SHA256:3isjzCnvDUpZkRj93KpK/j8ovlkHdFCzSM3D8IP3/gw root@ubuntu-xenial (ECDSA)
<14>Apr  7 04:21:13 ec2: 256 SHA256:b/itp3WPPIq6J+VUFnvxkUqSBvGSuwYX2usWXoAkqJ4 root@ubuntu-xenial (ED25519)
<14>Apr  7 04:21:13 ec2: 2048 SHA256:WjI6EWpGeAcQE+qU7KAvYtBS7Ud2yTGCN/unEVFTUjc root@ubuntu-xenial (RSA)
<14>Apr  7 04:21:13 ec2: -----END SSH HOST KEY FINGERPRINTS-----
<14>Apr  7 04:21:13 ec2: #############################################################
-----BEGIN SSH HOST KEY KEYS-----
ecdsa-sha2-nistp256 AAAAE2VjZHNhLXNoYTItbmlzdHAyNTYAAAAIbmlzdHAyNTYAAABBBC3A7S6expgqDW9HlOOxDcNNmTgciFZ1cGIOz9jp4MB2+ic2Ztfd3ywqlk8i9iiR4UdvcYkFquWD76+YWMxBcdE= root@ubuntu-xenial
ssh-ed25519 AAAAC3NzaC1lZDI1NTE5AAAAIMVKZi714GdxqQQSoOe6sKaoAZSjEhgqeeR4M+x7oDEF root@ubuntu-xenial
ssh-rsa AAAAB3NzaC1yc2EAAAADAQABAAABAQCnHmgJjaIcLGx9eWFxPuPNiuA9A73kRmOK9+VIPR3wr7M2MJdOKnrR1qD9MorO+xVgyE0+sTnH80271OkbqPdHIGujy9zSSkFuewr+i+SkA+8EktR88DnqOlan4nqx7zAuvXhvzDDdKZl3NHw5Cx2lBd/crB838e3LU8HTp57WyTNE8P1rDtgQ+cr21lkGGSv2Jq2mQ/m2jisblZcLKCMXWl4PVexYpvYYxl/kUptBGXqAGX3t05RUs3fLrDkpW0Fcd1J0X8ofuTcNJ2j8yZerIk2RTfvx9jYh/zthZWL6EBz7FW0J4L+B+MYpmtQ9CZSg3zTmyTguFJhCn5QTBiO/ root@ubuntu-xenial
-----END SSH HOST KEY KEYS-----
[   50.770158] cloud-init[1389]: Cloud-init v. 0.7.9 running 'modules:final' at Fri, 07 Apr 2017 04:21:13 +0000. Up 49.39 seconds.
[   50.770785] cloud-init[1389]: ci-info: no authorized ssh keys fingerprints found for user ubuntu.
[   50.771777] cloud-init[1389]: Cloud-init v. 0.7.9 finished at Fri, 07 Apr 2017 04:21:14 +0000. Datasource DataSourceNoCloud [seed=/dev/sdb][dsmode=net].  Up 50.73 seconds

Ubuntu 16.04.2 LTS ubuntu-xenial ttyS0

ubuntu-xenial login: 